../Drivers/STM32F2xx_HAL_Driver/Src/stm32f2xx_hal.c:151:19:HAL_Init	8	static
../Drivers/STM32F2xx_HAL_Driver/Src/stm32f2xx_hal.c:184:19:HAL_DeInit	8	static
../Drivers/STM32F2xx_HAL_Driver/Src/stm32f2xx_hal.c:213:13:HAL_MspInit	4	static
../Drivers/STM32F2xx_HAL_Driver/Src/stm32f2xx_hal.c:224:13:HAL_MspDeInit	4	static
../Drivers/STM32F2xx_HAL_Driver/Src/stm32f2xx_hal.c:247:26:HAL_InitTick	16	static
../Drivers/STM32F2xx_HAL_Driver/Src/stm32f2xx_hal.c:306:13:HAL_IncTick	4	static
../Drivers/STM32F2xx_HAL_Driver/Src/stm32f2xx_hal.c:317:17:HAL_GetTick	4	static
../Drivers/STM32F2xx_HAL_Driver/Src/stm32f2xx_hal.c:326:10:HAL_GetTickPrio	4	static
../Drivers/STM32F2xx_HAL_Driver/Src/stm32f2xx_hal.c:335:19:HAL_SetTickFreq	24	static
../Drivers/STM32F2xx_HAL_Driver/Src/stm32f2xx_hal.c:368:21:HAL_GetTickFreq	4	static
../Drivers/STM32F2xx_HAL_Driver/Src/stm32f2xx_hal.c:384:13:HAL_Delay	24	static
../Drivers/STM32F2xx_HAL_Driver/Src/stm32f2xx_hal.c:410:13:HAL_SuspendTick	4	static
../Drivers/STM32F2xx_HAL_Driver/Src/stm32f2xx_hal.c:426:13:HAL_ResumeTick	4	static
../Drivers/STM32F2xx_HAL_Driver/Src/stm32f2xx_hal.c:436:10:HAL_GetHalVersion	4	static
../Drivers/STM32F2xx_HAL_Driver/Src/stm32f2xx_hal.c:445:10:HAL_GetREVID	4	static
../Drivers/STM32F2xx_HAL_Driver/Src/stm32f2xx_hal.c:454:10:HAL_GetDEVID	4	static
../Drivers/STM32F2xx_HAL_Driver/Src/stm32f2xx_hal.c:463:6:HAL_DBGMCU_EnableDBGSleepMode	4	static
../Drivers/STM32F2xx_HAL_Driver/Src/stm32f2xx_hal.c:472:6:HAL_DBGMCU_DisableDBGSleepMode	4	static
../Drivers/STM32F2xx_HAL_Driver/Src/stm32f2xx_hal.c:481:6:HAL_DBGMCU_EnableDBGStopMode	4	static
../Drivers/STM32F2xx_HAL_Driver/Src/stm32f2xx_hal.c:490:6:HAL_DBGMCU_DisableDBGStopMode	4	static
../Drivers/STM32F2xx_HAL_Driver/Src/stm32f2xx_hal.c:499:6:HAL_DBGMCU_EnableDBGStandbyMode	4	static
../Drivers/STM32F2xx_HAL_Driver/Src/stm32f2xx_hal.c:508:6:HAL_DBGMCU_DisableDBGStandbyMode	4	static
../Drivers/STM32F2xx_HAL_Driver/Src/stm32f2xx_hal.c:519:6:HAL_EnableCompensationCell	16	static,ignoring_inline_asm
../Drivers/STM32F2xx_HAL_Driver/Src/stm32f2xx_hal.c:530:6:HAL_DisableCompensationCell	16	static,ignoring_inline_asm
../Drivers/STM32F2xx_HAL_Driver/Src/stm32f2xx_hal.c:539:10:HAL_GetUIDw0	4	static
../Drivers/STM32F2xx_HAL_Driver/Src/stm32f2xx_hal.c:548:10:HAL_GetUIDw1	4	static
../Drivers/STM32F2xx_HAL_Driver/Src/stm32f2xx_hal.c:557:10:HAL_GetUIDw2	4	static
