../Drivers/STM32F2xx_HAL_Driver/Src/stm32f2xx_hal_pwr.c:91:6:HAL_PWR_DeInit	4	static
../Drivers/STM32F2xx_HAL_Driver/Src/stm32f2xx_hal_pwr.c:104:6:HAL_PWR_EnableBkUpAccess	16	static,ignoring_inline_asm
../Drivers/STM32F2xx_HAL_Driver/Src/stm32f2xx_hal_pwr.c:116:6:HAL_PWR_DisableBkUpAccess	16	static,ignoring_inline_asm
../Drivers/STM32F2xx_HAL_Driver/Src/stm32f2xx_hal_pwr.c:249:6:HAL_PWR_ConfigPVD	16	static
../Drivers/STM32F2xx_HAL_Driver/Src/stm32f2xx_hal_pwr.c:292:6:HAL_PWR_EnablePVD	16	static,ignoring_inline_asm
../Drivers/STM32F2xx_HAL_Driver/Src/stm32f2xx_hal_pwr.c:301:6:HAL_PWR_DisablePVD	16	static,ignoring_inline_asm
../Drivers/STM32F2xx_HAL_Driver/Src/stm32f2xx_hal_pwr.c:313:6:HAL_PWR_EnableWakeUpPin	16	static
../Drivers/STM32F2xx_HAL_Driver/Src/stm32f2xx_hal_pwr.c:329:6:HAL_PWR_DisableWakeUpPin	16	static
../Drivers/STM32F2xx_HAL_Driver/Src/stm32f2xx_hal_pwr.c:358:6:HAL_PWR_EnterSLEEPMode	16	static,ignoring_inline_asm
../Drivers/STM32F2xx_HAL_Driver/Src/stm32f2xx_hal_pwr.c:404:6:HAL_PWR_EnterSTOPMode	16	static,ignoring_inline_asm
../Drivers/STM32F2xx_HAL_Driver/Src/stm32f2xx_hal_pwr.c:443:6:HAL_PWR_EnterSTANDBYMode	4	static,ignoring_inline_asm
../Drivers/STM32F2xx_HAL_Driver/Src/stm32f2xx_hal_pwr.c:464:6:HAL_PWR_PVD_IRQHandler	8	static
../Drivers/STM32F2xx_HAL_Driver/Src/stm32f2xx_hal_pwr.c:481:13:HAL_PWR_PVDCallback	4	static
../Drivers/STM32F2xx_HAL_Driver/Src/stm32f2xx_hal_pwr.c:496:6:HAL_PWR_EnableSleepOnExit	4	static
../Drivers/STM32F2xx_HAL_Driver/Src/stm32f2xx_hal_pwr.c:508:6:HAL_PWR_DisableSleepOnExit	4	static
../Drivers/STM32F2xx_HAL_Driver/Src/stm32f2xx_hal_pwr.c:520:6:HAL_PWR_EnableSEVOnPend	4	static
../Drivers/STM32F2xx_HAL_Driver/Src/stm32f2xx_hal_pwr.c:532:6:HAL_PWR_DisableSEVOnPend	4	static
