../Drivers/STM32F2xx_HAL_Driver/Src/stm32f2xx_hal_sd.c:335:19:HAL_SD_Init	16	static
../Drivers/STM32F2xx_HAL_Driver/Src/stm32f2xx_hal_sd.c:403:19:HAL_SD_InitCard	72	static
../Drivers/STM32F2xx_HAL_Driver/Src/stm32f2xx_hal_sd.c:468:19:HAL_SD_DeInit	16	static
../Drivers/STM32F2xx_HAL_Driver/Src/stm32f2xx_hal_sd.c:509:13:HAL_SD_MspInit	16	static
../Drivers/STM32F2xx_HAL_Driver/Src/stm32f2xx_hal_sd.c:524:13:HAL_SD_MspDeInit	16	static
../Drivers/STM32F2xx_HAL_Driver/Src/stm32f2xx_hal_sd.c:565:19:HAL_SD_ReadBlocks	80	static
../Drivers/STM32F2xx_HAL_Driver/Src/stm32f2xx_hal_sd.c:776:19:HAL_SD_WriteBlocks	80	static
../Drivers/STM32F2xx_HAL_Driver/Src/stm32f2xx_hal_sd.c:960:19:HAL_SD_ReadBlocks_IT	56	static
../Drivers/STM32F2xx_HAL_Driver/Src/stm32f2xx_hal_sd.c:1052:19:HAL_SD_WriteBlocks_IT	56	static
../Drivers/STM32F2xx_HAL_Driver/Src/stm32f2xx_hal_sd.c:1145:19:HAL_SD_ReadBlocks_DMA	56	static
../Drivers/STM32F2xx_HAL_Driver/Src/stm32f2xx_hal_sd.c:1262:19:HAL_SD_WriteBlocks_DMA	56	static
../Drivers/STM32F2xx_HAL_Driver/Src/stm32f2xx_hal_sd.c:1377:19:HAL_SD_Erase	40	static
../Drivers/STM32F2xx_HAL_Driver/Src/stm32f2xx_hal_sd.c:1479:6:HAL_SD_IRQHandler	24	static
../Drivers/STM32F2xx_HAL_Driver/Src/stm32f2xx_hal_sd.c:1670:21:HAL_SD_GetState	16	static
../Drivers/STM32F2xx_HAL_Driver/Src/stm32f2xx_hal_sd.c:1681:10:HAL_SD_GetError	16	static
../Drivers/STM32F2xx_HAL_Driver/Src/stm32f2xx_hal_sd.c:1691:13:HAL_SD_TxCpltCallback	16	static
../Drivers/STM32F2xx_HAL_Driver/Src/stm32f2xx_hal_sd.c:1706:13:HAL_SD_RxCpltCallback	16	static
../Drivers/STM32F2xx_HAL_Driver/Src/stm32f2xx_hal_sd.c:1721:13:HAL_SD_ErrorCallback	16	static
../Drivers/STM32F2xx_HAL_Driver/Src/stm32f2xx_hal_sd.c:1736:13:HAL_SD_AbortCallback	16	static
../Drivers/STM32F2xx_HAL_Driver/Src/stm32f2xx_hal_sd.c:1947:19:HAL_SD_GetCardCID	16	static
../Drivers/STM32F2xx_HAL_Driver/Src/stm32f2xx_hal_sd.c:1980:19:HAL_SD_GetCardCSD	16	static
../Drivers/STM32F2xx_HAL_Driver/Src/stm32f2xx_hal_sd.c:2094:19:HAL_SD_GetCardStatus	88	static
../Drivers/STM32F2xx_HAL_Driver/Src/stm32f2xx_hal_sd.c:2154:19:HAL_SD_GetCardInfo	16	static
../Drivers/STM32F2xx_HAL_Driver/Src/stm32f2xx_hal_sd.c:2179:19:HAL_SD_ConfigWideBusOperation	72	static
../Drivers/STM32F2xx_HAL_Driver/Src/stm32f2xx_hal_sd.c:2261:25:HAL_SD_GetCardState	32	static
../Drivers/STM32F2xx_HAL_Driver/Src/stm32f2xx_hal_sd.c:2284:19:HAL_SD_Abort	24	static
../Drivers/STM32F2xx_HAL_Driver/Src/stm32f2xx_hal_sd.c:2348:19:HAL_SD_Abort_IT	24	static
../Drivers/STM32F2xx_HAL_Driver/Src/stm32f2xx_hal_sd.c:2435:13:SD_DMATransmitCplt	24	static
../Drivers/STM32F2xx_HAL_Driver/Src/stm32f2xx_hal_sd.c:2448:13:SD_DMAReceiveCplt	24	static
../Drivers/STM32F2xx_HAL_Driver/Src/stm32f2xx_hal_sd.c:2490:13:SD_DMAError	32	static
../Drivers/STM32F2xx_HAL_Driver/Src/stm32f2xx_hal_sd.c:2534:13:SD_DMATxAbort	24	static
../Drivers/STM32F2xx_HAL_Driver/Src/stm32f2xx_hal_sd.c:2573:13:SD_DMARxAbort	24	static
../Drivers/STM32F2xx_HAL_Driver/Src/stm32f2xx_hal_sd.c:2612:17:SD_InitCard	96	static
../Drivers/STM32F2xx_HAL_Driver/Src/stm32f2xx_hal_sd.c:2704:17:SD_PowerON	32	static
../Drivers/STM32F2xx_HAL_Driver/Src/stm32f2xx_hal_sd.c:2794:13:SD_PowerOFF	16	static
../Drivers/STM32F2xx_HAL_Driver/Src/stm32f2xx_hal_sd.c:2807:17:SD_SendSDStatus	56	static
../Drivers/STM32F2xx_HAL_Driver/Src/stm32f2xx_hal_sd.c:2913:17:SD_SendStatus	24	static
../Drivers/STM32F2xx_HAL_Driver/Src/stm32f2xx_hal_sd.c:2940:17:SD_WideBus_Enable	32	static
../Drivers/STM32F2xx_HAL_Driver/Src/stm32f2xx_hal_sd.c:2987:17:SD_WideBus_Disable	32	static
../Drivers/STM32F2xx_HAL_Driver/Src/stm32f2xx_hal_sd.c:3036:17:SD_FindSCR	72	static
../Drivers/STM32F2xx_HAL_Driver/Src/stm32f2xx_hal_sd.c:3133:13:SD_Read_IT	32	static
../Drivers/STM32F2xx_HAL_Driver/Src/stm32f2xx_hal_sd.c:3172:13:SD_Write_IT	32	static
