../Drivers/STM32F2xx_HAL_Driver/Src/stm32f2xx_hal_flash.c:157:19:HAL_FLASH_Program	32	static
../Drivers/STM32F2xx_HAL_Driver/Src/stm32f2xx_hal_flash.c:215:19:HAL_FLASH_Program_IT	32	static
../Drivers/STM32F2xx_HAL_Driver/Src/stm32f2xx_hal_flash.c:259:6:HAL_FLASH_IRQHandler	16	static
../Drivers/STM32F2xx_HAL_Driver/Src/stm32f2xx_hal_flash.c:375:13:HAL_FLASH_EndOfOperationCallback	16	static
../Drivers/STM32F2xx_HAL_Driver/Src/stm32f2xx_hal_flash.c:392:13:HAL_FLASH_OperationErrorCallback	16	static
../Drivers/STM32F2xx_HAL_Driver/Src/stm32f2xx_hal_flash.c:424:19:HAL_FLASH_Unlock	16	static
../Drivers/STM32F2xx_HAL_Driver/Src/stm32f2xx_hal_flash.c:448:19:HAL_FLASH_Lock	4	static
../Drivers/STM32F2xx_HAL_Driver/Src/stm32f2xx_hal_flash.c:460:19:HAL_FLASH_OB_Unlock	4	static
../Drivers/STM32F2xx_HAL_Driver/Src/stm32f2xx_hal_flash.c:480:19:HAL_FLASH_OB_Lock	4	static
../Drivers/STM32F2xx_HAL_Driver/Src/stm32f2xx_hal_flash.c:492:19:HAL_FLASH_OB_Launch	8	static
../Drivers/STM32F2xx_HAL_Driver/Src/stm32f2xx_hal_flash.c:529:10:HAL_FLASH_GetError	4	static
../Drivers/STM32F2xx_HAL_Driver/Src/stm32f2xx_hal_flash.c:543:19:FLASH_WaitForLastOperation	24	static
../Drivers/STM32F2xx_HAL_Driver/Src/stm32f2xx_hal_flash.c:599:13:FLASH_Program_DoubleWord	24	static,ignoring_inline_asm
../Drivers/STM32F2xx_HAL_Driver/Src/stm32f2xx_hal_flash.c:632:13:FLASH_Program_Word	16	static
../Drivers/STM32F2xx_HAL_Driver/Src/stm32f2xx_hal_flash.c:657:13:FLASH_Program_HalfWord	16	static
../Drivers/STM32F2xx_HAL_Driver/Src/stm32f2xx_hal_flash.c:682:13:FLASH_Program_Byte	16	static
../Drivers/STM32F2xx_HAL_Driver/Src/stm32f2xx_hal_flash.c:699:13:FLASH_SetErrorCode	4	static
