../Core/Src/bq79600.c:72:10:SpiCRC16	24	static
../Core/Src/bq79600.c:92:6:SPI1_DisableForGPIO	32	static
../Core/Src/bq79600.c:110:6:SPI1_RestoreFromGPIO	32	static
../Core/Src/bq79600.c:142:19:BQ79600_WakeUp	40	static
../Core/Src/bq79600.c:209:19:SpiAutoAddress	16	static
../Core/Src/bq79600.c:378:19:SpiWrite	16	static
../Core/Src/bq79600.c:413:19:SpiRead	32	static
../Core/Src/bq79600.c:449:19:SpiClear	8	static
../Core/Src/bq79600.c:466:19:stackVoltageRead	16	static
../Core/Src/bq79600.c:527:19:spiWriteFrame	24	static
