../Core/Src/bq79600.c:73:10:SpiCRC16	24	static
../Core/Src/bq79600.c:93:6:SPI1_DisableForGPIO	32	static
../Core/Src/bq79600.c:111:6:SPI1_RestoreFromGPIO	32	static
../Core/Src/bq79600.c:143:19:BQ79600_WakeUp	40	static
../Core/Src/bq79600.c:210:19:SpiAutoAddress	24	static
../Core/Src/bq79600.c:377:19:SpiWrite	16	static
../Core/Src/bq79600.c:412:19:SpiRead	32	static
../Core/Src/bq79600.c:449:19:SpiClear	8	static
../Core/Src/bq79600.c:466:19:stackVoltageRead	48	static
../Core/Src/bq79600.c:554:10:convert_adc_to_voltage	32	static
../Core/Src/bq79600.c:568:19:spiWriteFrame	24	static
