../Drivers/CMSIS/Include/core_cm3.h:1876:26:ITM_SendChar	16	static,ignoring_inline_asm
../Core/Src/main.c:70:5:_write	32	static
../Core/Src/main.c:83:5:main	16	static
../Core/Src/main.c:190:6:SystemClock_Config	80	static
../Core/Src/main.c:231:13:MX_ADC1_Init	24	static
../Core/Src/main.c:283:13:MX_CAN1_Init	8	static
../Core/Src/main.c:320:13:MX_CAN2_Init	8	static
../Core/Src/main.c:357:13:MX_SDIO_SD_Init	8	static
../Core/Src/main.c:389:13:MX_SPI1_Init	8	static
../Core/Src/main.c:414:13:MX_TIM4_Init	32	static
../Core/Src/main.c:459:13:MX_UART4_Init	8	static
../Core/Src/main.c:492:13:MX_USART2_UART_Init	8	static
../Core/Src/main.c:525:13:MX_GPIO_Init	48	static
../Core/Src/main.c:581:6:Delay_us	16	static
../Core/Src/main.c:592:6:Error_Handler	4	static,ignoring_inline_asm
