../Drivers/CMSIS/Include/core_cm3.h:1876:26:ITM_SendChar	16	static,ignoring_inline_asm
../Core/Src/main.c:71:5:_write	32	static
../Core/Src/main.c:84:5:main	16	static
../Core/Src/main.c:219:6:SystemClock_Config	80	static
../Core/Src/main.c:260:13:MX_ADC1_Init	24	static
../Core/Src/main.c:312:13:MX_CAN1_Init	8	static
../Core/Src/main.c:349:13:MX_CAN2_Init	8	static
../Core/Src/main.c:386:13:MX_SDIO_SD_Init	8	static
../Core/Src/main.c:418:13:MX_SPI1_Init	8	static
../Core/Src/main.c:443:13:MX_TIM4_Init	32	static
../Core/Src/main.c:488:13:MX_UART4_Init	8	static
../Core/Src/main.c:521:13:MX_USART2_UART_Init	8	static
../Core/Src/main.c:554:13:MX_GPIO_Init	48	static
../Core/Src/main.c:610:6:Delay_us	16	static
../Core/Src/main.c:621:6:Error_Handler	4	static,ignoring_inline_asm
